[dictation.io/speech.html]
[backblue.gif]
[fade.gif]
[index.html]
[dictation.io/images/languages.jpg]
[dictation.io/index.html]
[dictation.io/apple-icon-60x60.png]
[dictation.io/apple-icon-57x57.png]
[dictation.io/apple-icon-72x72.png]
[dictation.io/apple-icon-114x114.png]
[dictation.io/apple-icon-76x76.png]
[dictation.io/apple-icon-144x144.png]
[dictation.io/apple-icon-152x152.png]
[dictation.io/apple-icon-180x180.png]
[dictation.io/android-icon-192x192.png]
[dictation.io/favicon-32x32.png]
[dictation.io/favicon-16x16.png]
[dictation.io/apple-icon-120x120.png]
[dictation.io/favicon-96x96.png]
[dictation.io/manifest.json]
[dictation.io/ms-icon-144x144.png]
[pagead2.googlesyndication.com/pagead/js/f.txt]
[cdnjs.cloudflare.com/ajax/libs/cookieconsent2/3.1.0/cookieconsent.min.css]
[cdnjs.cloudflare.com/ajax/libs/cookieconsent2/3.1.0/cookieconsent.min.js]
[dictation.io/images/mic.svg]
[dictation.io/help.html]
[dictation.io/languages.html]
[dictation.io/commands.html]
[dictation.io/images/chrome.jpg]
[dictation.io/images/unblock-microphone.png]
[cdnjs.cloudflare.com/ajax/libs/quill/1.3.7/quill.snow.css]
[cdnjs.cloudflare.com/ajax/libs/quill/1.3.7/quill.min.js]
[dictation.io/css/1598275350397.css]
[dictation.io/speech.html]
[cdn.quilljs.com/1.3.7/quill.snow.css]
[dictation.io/js/1598275350397.js]
[dictation.io/index.html]
[cdnjs.cloudflare.com/ajax/libs/cookieconsent2/3.1.0/cookieconsent.min.css]
[dictation.io/images/mic.svg]
[cdn.quilljs.com/1.3.7/quill.min.js]
[dictation.io/help.html]
[dictation.io/images/dictation.png]
[dictation.io/languages/en.html]
[dictation.io/images/allow-microphone-access.png]
[dictation.io/languages/hi.html]
[dictation.io/languages/it.html]
[dictation.io/languages/de.html]
[dictation.io/languages/fr.html]
[dictation.io/languages/nl.html]
[dictation.io/languages/pt.html]
[dictation.io/languages/no.html]
[dictation.io/languages/fi.html]
[dictation.io/languages/da.html]
[dictation.io/languages/th.html]
[dictation.io/languages/id.html]
[dictation.io/languages/sv.html]
[dictation.io/languages/es.html]
[dictation.io/languages/ar.html]
[dictation.io/languages/hu.html]
[dictation.io/languages/cz.html]
[dictation.io/languages/ja.html]
[dictation.io/languages/tr.html]
[dictation.io/languages/pl.html]
[dictation.io/languages.html]
[dictation.io/languages/ru.html]
[dictation.io/dictation.io/commands]
[dictation.io/languages/cz]
[dictation.io/commands.html]
[dictation.io/fonts/socicon21b8.woff]
[dictation.io/fonts/glyphicons-halflings-regular.eot]
[dictation.io/fonts/socicon21b8.svg]
[dictation.io/fonts/glyphicons-halflings-regulard41d.eot]
[dictation.io/fonts/glyphicons-halflings-regular.woff]
[dictation.io/fonts/socicon21b8.eot]
[dictation.io/fonts/glyphicons-halflings-regular.ttf]
[dictation.io/fonts/socicon21b8.ttf]
[dictation.io/fonts/glyphicons-halflings-regular.svg]
[dictation.io/fonts/stack-interfacea0e2.eot]
[dictation.io/fonts/stack-interfacea0e2.woff2]
[dictation.io/fonts/stack-interfacea0e2.woff]
[dictation.io/fonts/stack-interfacea0e2.svg]
[dictation.io/fonts/stack-interfacea0e2.ttf]
[dictation.io/css/1598275350397.css]
[cdnjs.cloudflare.com/ajax/libs/quill/1.3.7/quill.snow.css]
[cdn.quilljs.com/1.3.7/quill.snow.css]
[dictation.io/languages/images/languages.jpg]
[dictation.io/languages/en.html]
[dictation.io/languages/hi.html]
[dictation.io/languages/it.html]
[dictation.io/languages/de.html]
[dictation.io/languages/fr.html]
[dictation.io/languages/nl.html]
[dictation.io/languages/pt.html]
[dictation.io/languages/no.html]
[dictation.io/languages/fi.html]
[dictation.io/languages/da.html]
[dictation.io/languages/th.html]
[dictation.io/languages/id.html]
[dictation.io/languages/sv.html]
[dictation.io/languages/es.html]
[dictation.io/languages/ar.html]
[dictation.io/languages/hu.html]
[dictation.io/languages/cz.html]
[dictation.io/languages/ja.html]
[dictation.io/languages/tr.html]
[dictation.io/languages/pl.html]
[dictation.io/languages/ru.html]
[dictation.io/dictation.io/commands.html]
[dictation.io/languages/cz-2.html]
[dictation.io/fonts/socicon21b8.svg]
[dictation.io/fonts/glyphicons-halflings-regular.html]
[dictation.io/fonts/glyphicons-halflings-regulard41d.html]
[dictation.io/fonts/glyphicons-halflings-regular-2.html]
[dictation.io/fonts/glyphicons-halflings-regular-3.html]
[dictation.io/fonts/glyphicons-halflings-regular-4.html]
[dictation.io/fonts/stack-interfacea0e2.svg]
[dictation.io/languages/images/languages.html]
